#
# There is insufficient memory for the Java Runtime Environment to continue.
# Native memory allocation (malloc) failed to allocate 873504 bytes. Error detail: Chunk::new
# Possible reasons:
#   The system is out of physical RAM or swap space
#   This process is running with CompressedOops enabled, and the Java Heap may be blocking the growth of the native heap
# Possible solutions:
#   Reduce memory load on the system
#   Increase physical memory or swap space
#   Check if swap backing store is full
#   Decrease Java heap size (-Xmx/-Xms)
#   Decrease number of Java threads
#   Decrease Java thread stack sizes (-Xss)
#   Set larger code cache with -XX:ReservedCodeCacheSize=
#   JVM is running with Unscaled Compressed Oops mode in which the Java heap is
#     placed in the first 4GB address space. The Java Heap base address is the
#     maximum limit for the native heap growth. Please use -XX:HeapBaseMinAddress
#     to set the Java Heap base and to place the Java Heap above 4GB virtual address.
# This output file may be truncated or incomplete.
#
#  Out of Memory Error (arena.cpp:168), pid=31572, tid=8488
#
# JRE version: OpenJDK Runtime Environment Temurin-21.0.11+10 (21.0.11+10) (build 21.0.11+10-LTS)
# Java VM: OpenJDK 64-Bit Server VM Temurin-21.0.11+10 (21.0.11+10-LTS, mixed mode, sharing, tiered, compressed oops, compressed class ptrs, parallel gc, windows-amd64)
# No core dump will be written. Minidumps are not enabled by default on client versions of Windows
#

---------------  S U M M A R Y ------------

Command Line: --add-modules=ALL-SYSTEM --add-opens=java.base/java.util=ALL-UNNAMED --add-opens=java.base/java.lang=ALL-UNNAMED --add-opens=java.base/sun.nio.fs=ALL-UNNAMED -Declipse.application=org.eclipse.jdt.ls.core.id1 -Dosgi.bundles.defaultStartLevel=4 -Declipse.product=org.eclipse.jdt.ls.core.product -Djava.import.generatesMetadataFilesAtProjectRoot=false -DDetectVMInstallationsJob.disabled=true -Dfile.encoding=utf8 -XX:+UseParallelGC -XX:GCTimeRatio=4 -XX:AdaptiveSizePolicyWeight=90 -Dsun.zip.disableMemoryMapping=true -Xmx2G -Xms100m -Xlog:disable -javaagent:c:\Users\Admin\.vscode\extensions\redhat.java-1.55.0-win32-x64\lombok\lombok-1.18.39-4050.jar -XX:+HeapDumpOnOutOfMemoryError -XX:HeapDumpPath=c:\Users\Admin\AppData\Roaming\Code\User\workspaceStorage\7f25d92cf42492ba167cfb0a4429a2e3\redhat.java -Daether.dependencyCollector.impl=bf c:\Users\Admin\.vscode\extensions\redhat.java-1.55.0-win32-x64\server\plugins\org.eclipse.equinox.launcher_1.7.200.v20260619-2039.jar -configuration c:\Users\Admin\AppData\Roaming\Code\User\globalStorage\redhat.java\1.55.0\config_win -data c:\Users\Admin\AppData\Roaming\Code\User\workspaceStorage\7f25d92cf42492ba167cfb0a4429a2e3\redhat.java\jdt_ws --pipe=\\.\pipe\lsp-d37e3bbc41ef086aae428996d19fd85d-sock

Host: AMD Ryzen 5 7535HS with Radeon Graphics        , 12 cores, 7G,  Windows 11 , 64 bit Build 26100 (10.0.26100.8875)
Time: Wed Jul 29 12:17:42 2026 SE Asia Standard Time elapsed time: 28.097152 seconds (0d 0h 0m 28s)

---------------  T H R E A D  ---------------

Current thread (0x000002c34c81bcc0):  JavaThread "C2 CompilerThread0" daemon [_thread_in_native, id=8488, stack(0x000000f333800000,0x000000f333900000) (1024K)]


Current CompileTask:
C2:28097 2965   !   4       org.eclipse.osgi.storage.BundleInfo$Generation::getRawHeaders (323 bytes)

Stack: [0x000000f333800000,0x000000f333900000]
Native frames: (J=compiled Java code, j=interpreted, Vv=VM code, C=native code)
V  [jvm.dll+0x6d7e19]
V  [jvm.dll+0x8b5096]
V  [jvm.dll+0x8b764e]
V  [jvm.dll+0x8b7d33]
V  [jvm.dll+0x284596]
V  [jvm.dll+0xc685d]
V  [jvm.dll+0xc6da1]
V  [jvm.dll+0x3bed6b]
V  [jvm.dll+0x1e3f42]
V  [jvm.dll+0x24c853]
V  [jvm.dll+0x24bce0]
V  [jvm.dll+0x1cb4ae]
V  [jvm.dll+0x25baad]
V  [jvm.dll+0x25a03a]
V  [jvm.dll+0x3f868e]
V  [jvm.dll+0x85fb0d]
V  [jvm.dll+0x6d664d]
C  [ucrtbase.dll+0x2cd30]
C  [KERNEL32.DLL+0x2e957]
C  [ntdll.dll+0xaad6c]


---------------  P R O C E S S  ---------------

Threads class SMR info:
_java_thread_list=0x000002c36a167fd0, length=17, elements={
0x000002c34c75edd0, 0x000002c36320dd00, 0x000002c34c8042e0, 0x000002c34c806d90,
0x000002c34c8087d0, 0x000002c34c809b80, 0x000002c34c808140, 0x000002c34c81bcc0,
0x000002c36457ab20, 0x000002c34c8094f0, 0x000002c34c808e60, 0x000002c365c07320,
0x000002c365c05f70, 0x000002c365c06600, 0x000002c365c06c90, 0x000002c365c03ea0,
0x000002c365c0ae30
}

Java Threads: ( => current thread )
  0x000002c34c75edd0 JavaThread "main"                              [_thread_blocked, id=10780, stack(0x000000f332e00000,0x000000f332f00000) (1024K)]
  0x000002c36320dd00 JavaThread "Reference Handler"          daemon [_thread_blocked, id=24028, stack(0x000000f333200000,0x000000f333300000) (1024K)]
  0x000002c34c8042e0 JavaThread "Finalizer"                  daemon [_thread_blocked, id=31548, stack(0x000000f333300000,0x000000f333400000) (1024K)]
  0x000002c34c806d90 JavaThread "Signal Dispatcher"          daemon [_thread_blocked, id=24188, stack(0x000000f333400000,0x000000f333500000) (1024K)]
  0x000002c34c8087d0 JavaThread "Attach Listener"            daemon [_thread_blocked, id=30852, stack(0x000000f333500000,0x000000f333600000) (1024K)]
  0x000002c34c809b80 JavaThread "Service Thread"             daemon [_thread_blocked, id=28432, stack(0x000000f333600000,0x000000f333700000) (1024K)]
  0x000002c34c808140 JavaThread "Monitor Deflation Thread"   daemon [_thread_blocked, id=29864, stack(0x000000f333700000,0x000000f333800000) (1024K)]
=>0x000002c34c81bcc0 JavaThread "C2 CompilerThread0"         daemon [_thread_in_native, id=8488, stack(0x000000f333800000,0x000000f333900000) (1024K)]
  0x000002c36457ab20 JavaThread "C1 CompilerThread0"         daemon [_thread_blocked, id=9324, stack(0x000000f333900000,0x000000f333a00000) (1024K)]
  0x000002c34c8094f0 JavaThread "Common-Cleaner"             daemon [_thread_blocked, id=27016, stack(0x000000f333a00000,0x000000f333b00000) (1024K)]
  0x000002c34c808e60 JavaThread "Notification Thread"        daemon [_thread_blocked, id=24496, stack(0x000000f333b00000,0x000000f333c00000) (1024K)]
  0x000002c365c07320 JavaThread "Active Thread: Equinox Container: 540c60a1-33c4-4013-82ff-161af0e7ed3b"        [_thread_blocked, id=23804, stack(0x000000f334a00000,0x000000f334b00000) (1024K)]
  0x000002c365c05f70 JavaThread "Framework Event Dispatcher: Equinox Container: 540c60a1-33c4-4013-82ff-161af0e7ed3b" daemon [_thread_blocked, id=5700, stack(0x000000f333c00000,0x000000f333d00000) (1024K)]
  0x000002c365c06600 JavaThread "Start Level: Equinox Container: 540c60a1-33c4-4013-82ff-161af0e7ed3b" daemon [_thread_in_vm, id=26364, stack(0x000000f334400000,0x000000f334500000) (1024K)]
  0x000002c365c06c90 JavaThread "Bundle File Closer"         daemon [_thread_blocked, id=8736, stack(0x000000f334600000,0x000000f334700000) (1024K)]
  0x000002c365c03ea0 JavaThread "Refresh Thread: Equinox Container: 540c60a1-33c4-4013-82ff-161af0e7ed3b" daemon [_thread_blocked, id=15544, stack(0x000000f334700000,0x000000f334800000) (1024K)]
  0x000002c365c0ae30 JavaThread "SCR Component Actor"        daemon [_thread_blocked, id=30452, stack(0x000000f334500000,0x000000f334600000) (1024K)]
Total: 17

Other Threads:
  0x000002c34c800aa0 VMThread "VM Thread"                           [id=22268, stack(0x000000f333100000,0x000000f333200000) (1024K)]
  0x000002c3630eca00 WatcherThread "VM Periodic Task Thread"        [id=1040, stack(0x000000f333000000,0x000000f333100000) (1024K)]
  0x000002c34c77e1b0 WorkerThread "GC Thread#0"                     [id=21820, stack(0x000000f332f00000,0x000000f333000000) (1024K)]
  0x000002c3656ff380 WorkerThread "GC Thread#1"                     [id=29812, stack(0x000000f333d00000,0x000000f333e00000) (1024K)]
  0x000002c365714e70 WorkerThread "GC Thread#2"                     [id=28192, stack(0x000000f333e00000,0x000000f333f00000) (1024K)]
  0x000002c3659bedb0 WorkerThread "GC Thread#3"                     [id=17492, stack(0x000000f333f00000,0x000000f334000000) (1024K)]
  0x000002c3659bf160 WorkerThread "GC Thread#4"                     [id=27384, stack(0x000000f334000000,0x000000f334100000) (1024K)]
  0x000002c3657176a0 WorkerThread "GC Thread#5"                     [id=22984, stack(0x000000f334100000,0x000000f334200000) (1024K)]
  0x000002c365717a50 WorkerThread "GC Thread#6"                     [id=28936, stack(0x000000f334200000,0x000000f334300000) (1024K)]
  0x000002c3649016b0 WorkerThread "GC Thread#7"                     [id=29436, stack(0x000000f334300000,0x000000f334400000) (1024K)]
  0x000002c364891730 WorkerThread "GC Thread#8"                     [id=8804, stack(0x000000f335600000,0x000000f335700000) (1024K)]
  0x000002c36ac6cf80 WorkerThread "GC Thread#9"                     [id=26932, stack(0x000000f335700000,0x000000f335800000) (1024K)]
Total: 12

Threads with active compile tasks:
C2 CompilerThread0  28116 2965   !   4       org.eclipse.osgi.storage.BundleInfo$Generation::getRawHeaders (323 bytes)
Total: 1

VM state: not at safepoint (normal execution)

VM Mutex/Monitor currently owned by a thread: None

Heap address: 0x0000000080000000, size: 2048 MB, Compressed Oops mode: 32-bit

CDS archive(s) mapped at: [0x000002c300000000-0x000002c300ba0000-0x000002c300ba0000), size 12189696, SharedBaseAddress: 0x000002c300000000, ArchiveRelocationMode: 1.
Compressed class space mapped at: 0x000002c301000000-0x000002c341000000, reserved size: 1073741824
Narrow klass base: 0x000002c300000000, Narrow klass shift: 0, Narrow klass range: 0x100000000

GC Precious Log:
 CardTable entry size: 512
 CPUs: 12 total, 12 available
 Memory: 7498M
 Large Page Support: Disabled
 NUMA Support: Disabled
 Compressed Oops: Enabled (32-bit)
 Alignments: Space 512K, Generation 512K, Heap 2M
 Heap Min Capacity: 100M
 Heap Initial Capacity: 100M
 Heap Max Capacity: 2G
 Pre-touch: Disabled
 Parallel Workers: 10

Heap:
 PSYoungGen      total 29184K, used 8252K [0x00000000d5580000, 0x00000000d7900000, 0x0000000100000000)
  eden space 25088K, 16% used [0x00000000d5580000,0x00000000d598fbd0,0x00000000d6e00000)
  from space 4096K, 99% used [0x00000000d6e80000,0x00000000d727f6e8,0x00000000d7280000)
  to   space 5632K, 0% used [0x00000000d7380000,0x00000000d7380000,0x00000000d7900000)
 ParOldGen       total 68608K, used 6770K [0x0000000080000000, 0x0000000084300000, 0x00000000d5580000)
  object space 68608K, 9% used [0x0000000080000000,0x000000008069ca50,0x0000000084300000)
 Metaspace       used 11585K, committed 11904K, reserved 1114112K
  class space    used 1205K, committed 1344K, reserved 1048576K

Card table byte_map: [0x000002c34c100000,0x000002c34c510000] _byte_map_base: 0x000002c34bd00000

Marking Bits: (ParMarkBitMap*) 0x00007ffbe9964460
 Begin Bits: [0x000002c35ec10000, 0x000002c360c10000)
 End Bits:   [0x000002c360c10000, 0x000002c362c10000)

Polling page: 0x000002c34a610000

Metaspace:

Usage:
  Non-class:     10.14 MB used.
      Class:      1.18 MB used.
       Both:     11.31 MB used.

Virtual space:
  Non-class space:       64.00 MB reserved,      10.31 MB ( 16%) committed,  1 nodes.
      Class space:        1.00 GB reserved,       1.31 MB ( <1%) committed,  1 nodes.
             Both:        1.06 GB reserved,      11.62 MB (  1%) committed. 

Chunk freelists:
   Non-Class:  5.64 MB
       Class:  14.69 MB
        Both:  20.33 MB

MaxMetaspaceSize: unlimited
CompressedClassSpaceSize: 1.00 GB
Initial GC threshold: 21.00 MB
Current GC threshold: 21.00 MB
CDS: on
 - commit_granule_bytes: 65536.
 - commit_granule_words: 8192.
 - virtual_space_node_default_size: 8388608.
 - enlarge_chunks_in_place: 1.
 - use_allocation_guard: 0.


Internal statistics:

num_allocs_failed_limit: 0.
num_arena_births: 266.
num_arena_deaths: 0.
num_vsnodes_births: 2.
num_vsnodes_deaths: 0.
num_space_committed: 186.
num_space_uncommitted: 0.
num_chunks_returned_to_freelist: 0.
num_chunks_taken_from_freelist: 562.
num_chunk_merges: 0.
num_chunk_splits: 360.
num_chunks_enlarged: 244.
num_inconsistent_stats: 0.

CodeHeap 'non-profiled nmethods': size=120000Kb used=1482Kb max_used=1482Kb free=118518Kb
 bounds [0x000002c357430000, 0x000002c3576a0000, 0x000002c35e960000]
CodeHeap 'profiled nmethods': size=120000Kb used=5935Kb max_used=5935Kb free=114064Kb
 bounds [0x000002c34f960000, 0x000002c34ff30000, 0x000002c356e90000]
CodeHeap 'non-nmethods': size=5760Kb used=1233Kb max_used=1299Kb free=4526Kb
 bounds [0x000002c356e90000, 0x000002c357100000, 0x000002c357430000]
CodeCache: size=245760Kb, used=8650Kb, max_used=8716Kb, free=237108Kb
 total_blobs=3513, nmethods=3015, adapters=404, full_count=0
Compilation: enabled, stopped_count=0, restarted_count=0

Compilation events (20 events):
Event: 26.048 Thread 0x000002c36457ab20 3011       1       java.lang.reflect.Constructor::getSharedParameterTypes (5 bytes)
Event: 26.048 Thread 0x000002c36457ab20 nmethod 3011 0x000002c3575a2210 code [0x000002c3575a23a0, 0x000002c3575a2468]
Event: 26.048 Thread 0x000002c36457ab20 3012       3       java.util.LinkedList$Node::<init> (20 bytes)
Event: 26.049 Thread 0x000002c36457ab20 nmethod 3012 0x000002c34ff22090 code [0x000002c34ff22240, 0x000002c34ff223e8]
Event: 26.049 Thread 0x000002c36457ab20 3013       3       org.eclipse.osgi.internal.serviceregistry.FilteredServiceListener::serviceChanged (296 bytes)
Event: 26.054 Thread 0x000002c36457ab20 nmethod 3013 0x000002c34ff22490 code [0x000002c34ff22ba0, 0x000002c34ff26070]
Event: 26.060 Thread 0x000002c36457ab20 3014   !   3       org.eclipse.osgi.storage.BundleInfo$Generation::getManifestLocalization (59 bytes)
Event: 26.061 Thread 0x000002c36457ab20 nmethod 3014 0x000002c34ff27410 code [0x000002c34ff27640, 0x000002c34ff27e00]
Event: 26.061 Thread 0x000002c36457ab20 3016       3       aQute.bnd.stream.EntryPipeline::<init> (16 bytes)
Event: 26.061 Thread 0x000002c36457ab20 nmethod 3016 0x000002c34ff28290 code [0x000002c34ff28460, 0x000002c34ff28850]
Event: 26.061 Thread 0x000002c36457ab20 3015       1       java.util.Spliterators$EmptySpliterator::estimateSize (2 bytes)
Event: 26.062 Thread 0x000002c36457ab20 nmethod 3015 0x000002c3575a2510 code [0x000002c3575a26a0, 0x000002c3575a2770]
Event: 26.079 Thread 0x000002c36457ab20 3017   !   3       java.lang.invoke.MethodHandleNatives::linkMethodHandleConstant (50 bytes)
Event: 26.079 Thread 0x000002c36457ab20 nmethod 3017 0x000002c34ff28990 code [0x000002c34ff28b60, 0x000002c34ff28d68]
Event: 26.079 Thread 0x000002c36457ab20 3019       3       java.security.AccessController::doPrivileged (9 bytes)
Event: 26.080 Thread 0x000002c36457ab20 nmethod 3019 0x000002c34ff28f10 code [0x000002c34ff290e0, 0x000002c34ff29418]
Event: 26.080 Thread 0x000002c36457ab20 3018       3       java.lang.invoke.MethodHandles$Lookup::linkMethodHandleConstant (223 bytes)
Event: 26.081 Thread 0x000002c36457ab20 nmethod 3018 0x000002c34ff29590 code [0x000002c34ff29980, 0x000002c34ff2b118]
Event: 26.081 Thread 0x000002c36457ab20 3020       3       java.lang.invoke.DirectMethodHandle::make (21 bytes)
Event: 26.082 Thread 0x000002c36457ab20 nmethod 3020 0x000002c34ff2b890 code [0x000002c34ff2ba60, 0x000002c34ff2bd48]

GC Heap History (10 events):
Event: 1.673 GC heap before
{Heap before GC invocations=1 (full 0):
 PSYoungGen      total 29696K, used 25600K [0x00000000d5580000, 0x00000000d7680000, 0x0000000100000000)
  eden space 25600K, 100% used [0x00000000d5580000,0x00000000d6e80000,0x00000000d6e80000)
  from space 4096K, 0% used [0x00000000d7280000,0x00000000d7280000,0x00000000d7680000)
  to   space 4096K, 0% used [0x00000000d6e80000,0x00000000d6e80000,0x00000000d7280000)
 ParOldGen       total 68608K, used 0K [0x0000000080000000, 0x0000000084300000, 0x00000000d5580000)
  object space 68608K, 0% used [0x0000000080000000,0x0000000080000000,0x0000000084300000)
 Metaspace       used 4505K, committed 4672K, reserved 1114112K
  class space    used 495K, committed 576K, reserved 1048576K
}
Event: 1.684 GC heap after
{Heap after GC invocations=1 (full 0):
 PSYoungGen      total 29696K, used 3271K [0x00000000d5580000, 0x00000000d7680000, 0x0000000100000000)
  eden space 25600K, 0% used [0x00000000d5580000,0x00000000d5580000,0x00000000d6e80000)
  from space 4096K, 79% used [0x00000000d6e80000,0x00000000d71b1e98,0x00000000d7280000)
  to   space 4096K, 0% used [0x00000000d7280000,0x00000000d7280000,0x00000000d7680000)
 ParOldGen       total 68608K, used 16K [0x0000000080000000, 0x0000000084300000, 0x00000000d5580000)
  object space 68608K, 0% used [0x0000000080000000,0x0000000080004000,0x0000000084300000)
 Metaspace       used 4505K, committed 4672K, reserved 1114112K
  class space    used 495K, committed 576K, reserved 1048576K
}
Event: 13.120 GC heap before
{Heap before GC invocations=2 (full 0):
 PSYoungGen      total 29696K, used 28871K [0x00000000d5580000, 0x00000000d7680000, 0x0000000100000000)
  eden space 25600K, 100% used [0x00000000d5580000,0x00000000d6e80000,0x00000000d6e80000)
  from space 4096K, 79% used [0x00000000d6e80000,0x00000000d71b1e98,0x00000000d7280000)
  to   space 4096K, 0% used [0x00000000d7280000,0x00000000d7280000,0x00000000d7680000)
 ParOldGen       total 68608K, used 16K [0x0000000080000000, 0x0000000084300000, 0x00000000d5580000)
  object space 68608K, 0% used [0x0000000080000000,0x0000000080004000,0x0000000084300000)
 Metaspace       used 8359K, committed 8640K, reserved 1114112K
  class space    used 890K, committed 1024K, reserved 1048576K
}
Event: 13.125 GC heap after
{Heap after GC invocations=2 (full 0):
 PSYoungGen      total 29696K, used 4071K [0x00000000d5580000, 0x00000000d7680000, 0x0000000100000000)
  eden space 25600K, 0% used [0x00000000d5580000,0x00000000d5580000,0x00000000d6e80000)
  from space 4096K, 99% used [0x00000000d7280000,0x00000000d7679e98,0x00000000d7680000)
  to   space 4096K, 0% used [0x00000000d6e80000,0x00000000d6e80000,0x00000000d7280000)
 ParOldGen       total 68608K, used 56K [0x0000000080000000, 0x0000000084300000, 0x00000000d5580000)
  object space 68608K, 0% used [0x0000000080000000,0x000000008000e000,0x0000000084300000)
 Metaspace       used 8359K, committed 8640K, reserved 1114112K
  class space    used 890K, committed 1024K, reserved 1048576K
}
Event: 15.630 GC heap before
{Heap before GC invocations=3 (full 0):
 PSYoungGen      total 29696K, used 29671K [0x00000000d5580000, 0x00000000d7680000, 0x0000000100000000)
  eden space 25600K, 100% used [0x00000000d5580000,0x00000000d6e80000,0x00000000d6e80000)
  from space 4096K, 99% used [0x00000000d7280000,0x00000000d7679e98,0x00000000d7680000)
  to   space 4096K, 0% used [0x00000000d6e80000,0x00000000d6e80000,0x00000000d7280000)
 ParOldGen       total 68608K, used 56K [0x0000000080000000, 0x0000000084300000, 0x00000000d5580000)
  object space 68608K, 0% used [0x0000000080000000,0x000000008000e000,0x0000000084300000)
 Metaspace       used 8745K, committed 9088K, reserved 1114112K
  class space    used 919K, committed 1088K, reserved 1048576K
}
Event: 15.641 GC heap after
{Heap after GC invocations=3 (full 0):
 PSYoungGen      total 29696K, used 4074K [0x00000000d5580000, 0x00000000d7680000, 0x0000000100000000)
  eden space 25600K, 0% used [0x00000000d5580000,0x00000000d5580000,0x00000000d6e80000)
  from space 4096K, 99% used [0x00000000d6e80000,0x00000000d727aa00,0x00000000d7280000)
  to   space 4096K, 0% used [0x00000000d7280000,0x00000000d7280000,0x00000000d7680000)
 ParOldGen       total 68608K, used 4592K [0x0000000080000000, 0x0000000084300000, 0x00000000d5580000)
  object space 68608K, 6% used [0x0000000080000000,0x000000008047c1e8,0x0000000084300000)
 Metaspace       used 8745K, committed 9088K, reserved 1114112K
  class space    used 919K, committed 1088K, reserved 1048576K
}
Event: 16.174 GC heap before
{Heap before GC invocations=4 (full 0):
 PSYoungGen      total 29696K, used 29674K [0x00000000d5580000, 0x00000000d7680000, 0x0000000100000000)
  eden space 25600K, 100% used [0x00000000d5580000,0x00000000d6e80000,0x00000000d6e80000)
  from space 4096K, 99% used [0x00000000d6e80000,0x00000000d727aa00,0x00000000d7280000)
  to   space 4096K, 0% used [0x00000000d7280000,0x00000000d7280000,0x00000000d7680000)
 ParOldGen       total 68608K, used 4592K [0x0000000080000000, 0x0000000084300000, 0x00000000d5580000)
  object space 68608K, 6% used [0x0000000080000000,0x000000008047c1e8,0x0000000084300000)
 Metaspace       used 10064K, committed 10304K, reserved 1114112K
  class space    used 1051K, committed 1152K, reserved 1048576K
}
Event: 16.181 GC heap after
{Heap after GC invocations=4 (full 0):
 PSYoungGen      total 29696K, used 4092K [0x00000000d5580000, 0x00000000d7680000, 0x0000000100000000)
  eden space 25600K, 0% used [0x00000000d5580000,0x00000000d5580000,0x00000000d6e80000)
  from space 4096K, 99% used [0x00000000d7280000,0x00000000d767f098,0x00000000d7680000)
  to   space 4096K, 0% used [0x00000000d6e80000,0x00000000d6e80000,0x00000000d7280000)
 ParOldGen       total 68608K, used 6482K [0x0000000080000000, 0x0000000084300000, 0x00000000d5580000)
  object space 68608K, 9% used [0x0000000080000000,0x0000000080654a50,0x0000000084300000)
 Metaspace       used 10064K, committed 10304K, reserved 1114112K
  class space    used 1051K, committed 1152K, reserved 1048576K
}
Event: 26.023 GC heap before
{Heap before GC invocations=5 (full 0):
 PSYoungGen      total 29696K, used 29692K [0x00000000d5580000, 0x00000000d7680000, 0x0000000100000000)
  eden space 25600K, 100% used [0x00000000d5580000,0x00000000d6e80000,0x00000000d6e80000)
  from space 4096K, 99% used [0x00000000d7280000,0x00000000d767f098,0x00000000d7680000)
  to   space 4096K, 0% used [0x00000000d6e80000,0x00000000d6e80000,0x00000000d7280000)
 ParOldGen       total 68608K, used 6482K [0x0000000080000000, 0x0000000084300000, 0x00000000d5580000)
  object space 68608K, 9% used [0x0000000080000000,0x0000000080654a50,0x0000000084300000)
 Metaspace       used 10610K, committed 10944K, reserved 1114112K
  class space    used 1090K, committed 1216K, reserved 1048576K
}
Event: 26.029 GC heap after
{Heap after GC invocations=5 (full 0):
 PSYoungGen      total 29184K, used 4093K [0x00000000d5580000, 0x00000000d7900000, 0x0000000100000000)
  eden space 25088K, 0% used [0x00000000d5580000,0x00000000d5580000,0x00000000d6e00000)
  from space 4096K, 99% used [0x00000000d6e80000,0x00000000d727f6e8,0x00000000d7280000)
  to   space 5632K, 0% used [0x00000000d7380000,0x00000000d7380000,0x00000000d7900000)
 ParOldGen       total 68608K, used 6770K [0x0000000080000000, 0x0000000084300000, 0x00000000d5580000)
  object space 68608K, 9% used [0x0000000080000000,0x000000008069ca50,0x0000000084300000)
 Metaspace       used 10610K, committed 10944K, reserved 1114112K
  class space    used 1090K, committed 1216K, reserved 1048576K
}

Dll operation events (9 events):
Event: 0.016 Loaded shared library c:\Users\Admin\.vscode\extensions\redhat.java-1.55.0-win32-x64\jre\21.0.11-win32-x86_64\bin\java.dll
Event: 0.086 Loaded shared library c:\Users\Admin\.vscode\extensions\redhat.java-1.55.0-win32-x64\jre\21.0.11-win32-x86_64\bin\zip.dll
Event: 0.108 Loaded shared library C:\Users\Admin\.vscode\extensions\redhat.java-1.55.0-win32-x64\jre\21.0.11-win32-x86_64\bin\instrument.dll
Event: 0.114 Loaded shared library C:\Users\Admin\.vscode\extensions\redhat.java-1.55.0-win32-x64\jre\21.0.11-win32-x86_64\bin\net.dll
Event: 0.116 Loaded shared library C:\Users\Admin\.vscode\extensions\redhat.java-1.55.0-win32-x64\jre\21.0.11-win32-x86_64\bin\nio.dll
Event: 0.120 Loaded shared library C:\Users\Admin\.vscode\extensions\redhat.java-1.55.0-win32-x64\jre\21.0.11-win32-x86_64\bin\zip.dll
Event: 0.137 Loaded shared library C:\Users\Admin\.vscode\extensions\redhat.java-1.55.0-win32-x64\jre\21.0.11-win32-x86_64\bin\jimage.dll
Event: 0.315 Loaded shared library c:\Users\Admin\.vscode\extensions\redhat.java-1.55.0-win32-x64\jre\21.0.11-win32-x86_64\bin\verify.dll
Event: 15.837 Loaded shared library C:\Users\Admin\AppData\Roaming\Code\User\globalStorage\redhat.java\1.55.0\config_win\org.eclipse.equinox.launcher\org.eclipse.equinox.launcher.win32.win32.x86_64_1.3.100.v20260613-0559\eclipse_11924.dll

Deoptimization events (20 events):
Event: 24.960 Thread 0x000002c365c06600 Uncommon trap: trap_request=0xffffffc6 fr.pc=0x000002c35759f8b0 relative=0x0000000000000430
Event: 24.960 Thread 0x000002c365c06600 Uncommon trap: reason=bimorphic_or_optimized_type_check action=maybe_recompile pc=0x000002c35759f8b0 method=java.util.regex.Pattern$BmpCharPropertyGreedy.match(Ljava/util/regex/Matcher;ILjava/lang/CharSequence;)Z @ 26 c2
Event: 24.960 Thread 0x000002c365c06600 DEOPT PACKING pc=0x000002c35759f8b0 sp=0x000000f3344fde70
Event: 24.960 Thread 0x000002c365c06600 DEOPT UNPACKING pc=0x000002c356ee3aa2 sp=0x000000f3344fde28 mode 2
Event: 24.962 Thread 0x000002c365c06600 Uncommon trap: trap_request=0xffffff45 fr.pc=0x000002c35759b6c0 relative=0x0000000000000100
Event: 24.962 Thread 0x000002c365c06600 Uncommon trap: reason=unstable_if action=reinterpret pc=0x000002c35759b6c0 method=java.lang.ThreadLocal$ThreadLocalMap.getEntry(Ljava/lang/ThreadLocal;)Ljava/lang/ThreadLocal$ThreadLocalMap$Entry; @ 29 c2
Event: 24.962 Thread 0x000002c365c06600 DEOPT PACKING pc=0x000002c35759b6c0 sp=0x000000f3344fe660
Event: 24.963 Thread 0x000002c365c06600 DEOPT UNPACKING pc=0x000002c356ee3aa2 sp=0x000000f3344fe580 mode 2
Event: 24.964 Thread 0x000002c365c06600 Uncommon trap: trap_request=0xffffff45 fr.pc=0x000002c35759bc1c relative=0x00000000000000dc
Event: 24.964 Thread 0x000002c365c06600 Uncommon trap: reason=unstable_if action=reinterpret pc=0x000002c35759bc1c method=java.lang.ThreadLocal$ThreadLocalMap.getEntry(Ljava/lang/ThreadLocal;)Ljava/lang/ThreadLocal$ThreadLocalMap$Entry; @ 29 c2
Event: 24.964 Thread 0x000002c365c06600 DEOPT PACKING pc=0x000002c35759bc1c sp=0x000000f3344fcad0
Event: 24.964 Thread 0x000002c365c06600 DEOPT UNPACKING pc=0x000002c356ee3aa2 sp=0x000000f3344fca70 mode 2
Event: 24.985 Thread 0x000002c365c06600 Uncommon trap: trap_request=0xffffffc6 fr.pc=0x000002c35759f8b0 relative=0x0000000000000430
Event: 24.985 Thread 0x000002c365c06600 Uncommon trap: reason=bimorphic_or_optimized_type_check action=maybe_recompile pc=0x000002c35759f8b0 method=java.util.regex.Pattern$BmpCharPropertyGreedy.match(Ljava/util/regex/Matcher;ILjava/lang/CharSequence;)Z @ 26 c2
Event: 24.985 Thread 0x000002c365c06600 DEOPT PACKING pc=0x000002c35759f8b0 sp=0x000000f3344fdee0
Event: 24.985 Thread 0x000002c365c06600 DEOPT UNPACKING pc=0x000002c356ee3aa2 sp=0x000000f3344fde98 mode 2
Event: 24.985 Thread 0x000002c365c06600 Uncommon trap: trap_request=0xffffffc6 fr.pc=0x000002c35759f8b0 relative=0x0000000000000430
Event: 24.985 Thread 0x000002c365c06600 Uncommon trap: reason=bimorphic_or_optimized_type_check action=maybe_recompile pc=0x000002c35759f8b0 method=java.util.regex.Pattern$BmpCharPropertyGreedy.match(Ljava/util/regex/Matcher;ILjava/lang/CharSequence;)Z @ 26 c2
Event: 24.985 Thread 0x000002c365c06600 DEOPT PACKING pc=0x000002c35759f8b0 sp=0x000000f3344fdee0
Event: 24.985 Thread 0x000002c365c06600 DEOPT UNPACKING pc=0x000002c356ee3aa2 sp=0x000000f3344fde98 mode 2

Classes loaded (20 events):
Event: 26.095 Loading class com/sun/org/apache/xerces/internal/impl/XMLEntityScanner$1 done
Event: 26.096 Loading class com/sun/org/apache/xerces/internal/impl/XMLErrorReporter
Event: 26.096 Loading class com/sun/org/apache/xerces/internal/impl/XMLErrorReporter done
Event: 26.096 Loading class com/sun/org/apache/xerces/internal/impl/XMLNSDocumentScannerImpl
Event: 26.096 Loading class com/sun/org/apache/xerces/internal/impl/XMLDocumentScannerImpl
Event: 26.096 Loading class com/sun/org/apache/xerces/internal/impl/XMLDocumentFragmentScannerImpl
Event: 26.096 Loading class com/sun/org/apache/xerces/internal/xni/parser/XMLDocumentScanner
Event: 26.096 Loading class com/sun/org/apache/xerces/internal/xni/parser/XMLDocumentSource
Event: 26.096 Loading class com/sun/org/apache/xerces/internal/xni/parser/XMLDocumentSource done
Event: 26.096 Loading class com/sun/org/apache/xerces/internal/xni/parser/XMLDocumentScanner done
Event: 26.097 Loading class com/sun/org/apache/xerces/internal/impl/XMLEntityHandler
Event: 26.097 Loading class com/sun/org/apache/xerces/internal/impl/XMLEntityHandler done
Event: 26.097 Loading class com/sun/xml/internal/stream/XMLBufferListener
Event: 26.097 Loading class com/sun/xml/internal/stream/XMLBufferListener done
Event: 26.097 Loading class com/sun/org/apache/xerces/internal/impl/XMLScanner
Event: 26.097 Loading class com/sun/org/apache/xerces/internal/impl/XMLScanner done
Event: 26.097 Loading class com/sun/org/apache/xerces/internal/impl/XMLDocumentFragmentScannerImpl done
Event: 26.097 Loading class com/sun/org/apache/xerces/internal/impl/XMLDocumentScannerImpl done
Event: 26.097 Loading class com/sun/org/apache/xerces/internal/impl/XMLNSDocumentScannerImpl done
Event: 26.098 Loading class com/sun/org/apache/xerces/internal/xni/XMLString

Classes unloaded (0 events):
No events

Classes redefined (0 events):
No events

Internal exceptions (20 events):
Event: 1.777 Thread 0x000002c34c75edd0 Exception <a 'java/lang/NoSuchMethodError'{0x00000000d5728d48}: 'void java.lang.invoke.DirectMethodHandle$Holder.invokeStatic(java.lang.Object, java.lang.Object, java.lang.Object, java.lang.Object)'> (0x00000000d5728d48) 
thrown [s\src\hotspot\share\interpreter\linkResolver.cpp, line 773]
Event: 1.778 Thread 0x000002c34c75edd0 Implicit null exception at 0x000002c357493e9a to 0x000002c3574940a4
Event: 1.778 Thread 0x000002c34c75edd0 Implicit null exception at 0x000002c35748cebd to 0x000002c35748cf41
Event: 2.017 Thread 0x000002c34c75edd0 Exception <a 'java/lang/NoSuchMethodError'{0x00000000d5b6af60}: 'int java.lang.invoke.DirectMethodHandle$Holder.invokeVirtual(java.lang.Object, java.lang.Object)'> (0x00000000d5b6af60) 
thrown [s\src\hotspot\share\interpreter\linkResolver.cpp, line 773]
Event: 2.325 Thread 0x000002c34c75edd0 Exception <a 'java/lang/IncompatibleClassChangeError'{0x00000000d665f278}: Found class java.lang.Object, but interface was expected> (0x00000000d665f278) 
thrown [s\src\hotspot\share\interpreter\linkResolver.cpp, line 840]
Event: 2.327 Thread 0x000002c34c75edd0 Exception <a 'java/lang/NoSuchMethodError'{0x00000000d66685f8}: 'void java.lang.invoke.DirectMethodHandle$Holder.invokeInterface(java.lang.Object, java.lang.Object, java.lang.Object)'> (0x00000000d66685f8) 
thrown [s\src\hotspot\share\interpreter\linkResolver.cpp, line 773]
Event: 2.360 Thread 0x000002c34c75edd0 Exception <a 'java/lang/NoSuchMethodError'{0x00000000d6813ac0}: 'int java.lang.invoke.DirectMethodHandle$Holder.invokeStaticInit(java.lang.Object, java.lang.Object, java.lang.Object, java.lang.Object)'> (0x00000000d6813ac0) 
thrown [s\src\hotspot\share\interpreter\linkResolver.cpp, line 773]
Event: 2.361 Thread 0x000002c34c75edd0 Exception <a 'java/lang/NoSuchMethodError'{0x00000000d681e370}: 'void java.lang.invoke.DirectMethodHandle$Holder.invokeStaticInit(java.lang.Object, java.lang.Object)'> (0x00000000d681e370) 
thrown [s\src\hotspot\share\interpreter\linkResolver.cpp, line 773]
Event: 2.363 Thread 0x000002c34c75edd0 Exception <a 'java/lang/NoSuchMethodError'{0x00000000d68237c0}: 'int java.lang.invoke.DirectMethodHandle$Holder.invokeStaticInit(java.lang.Object, java.lang.Object)'> (0x00000000d68237c0) 
thrown [s\src\hotspot\share\interpreter\linkResolver.cpp, line 773]
Event: 2.404 Thread 0x000002c34c75edd0 Exception <a 'java/lang/NoSuchMethodError'{0x00000000d6a0c9d8}: 'java.lang.Object java.lang.invoke.DirectMethodHandle$Holder.newInvokeSpecial(java.lang.Object, int, java.lang.Object)'> (0x00000000d6a0c9d8) 
thrown [s\src\hotspot\share\interpreter\linkResolver.cpp, line 773]
Event: 2.447 Thread 0x000002c34c75edd0 Exception <a 'java/lang/ClassNotFoundException'{0x00000000d6b8f770}: sun/net/www/protocol/plurl/Handler> (0x00000000d6b8f770) 
thrown [s\src\hotspot\share\classfile\systemDictionary.cpp, line 313]
Event: 2.447 Thread 0x000002c34c75edd0 Exception <a 'java/lang/ClassNotFoundException'{0x00000000d6b905f0}: sun/net/www/protocol/plurl/Handler> (0x00000000d6b905f0) 
thrown [s\src\hotspot\share\classfile\systemDictionary.cpp, line 313]
Event: 2.451 Thread 0x000002c34c75edd0 Exception <a 'java/lang/NoSuchMethodError'{0x00000000d6bd0168}: 'void java.lang.invoke.DirectMethodHandle$Holder.invokeSpecial(java.lang.Object, java.lang.Object, java.lang.Object)'> (0x00000000d6bd0168) 
thrown [s\src\hotspot\share\interpreter\linkResolver.cpp, line 773]
Event: 15.596 Thread 0x000002c34c75edd0 Exception <a 'java/lang/UnsatisfiedLinkError'{0x00000000d6d2a560}: 'void org.eclipse.equinox.launcher.JNIBridge._update_splash()'> (0x00000000d6d2a560) 
thrown [s\src\hotspot\share\prims\nativeLookup.cpp, line 415]
Event: 16.031 Thread 0x000002c365c06600 Exception <a 'java/lang/NoSuchMethodError'{0x00000000d69d0488}: 'java.lang.Object java.lang.invoke.DirectMethodHandle$Holder.newInvokeSpecial(java.lang.Object, java.lang.Object, int, java.lang.Object)'> (0x00000000d69d0488) 
thrown [s\src\hotspot\share\interpreter\linkResolver.cpp, line 773]
Event: 16.031 Thread 0x000002c365c06600 Exception <a 'java/lang/NoSuchMethodError'{0x00000000d69d42b8}: 'java.lang.Object java.lang.invoke.DirectMethodHandle$Holder.invokeSpecial(java.lang.Object, java.lang.Object, java.lang.Object, int, java.lang.Object)'> (0x00000000d69d42b8) 
thrown [s\src\hotspot\share\interpreter\linkResolver.cpp, line 773]
Event: 16.046 Thread 0x000002c365c06600 Exception <a 'java/lang/NoClassDefFoundError'{0x00000000d6a82788}: jakarta/servlet/ServletContainerInitializer> (0x00000000d6a82788) 
thrown [s\src\hotspot\share\classfile\systemDictionary.cpp, line 302]
Event: 16.129 Thread 0x000002c365c06600 Exception <a 'java/lang/ClassNotFoundException'{0x00000000d6c03f58}: sun/util/logging/resources/spi/loggingProvider> (0x00000000d6c03f58) 
thrown [s\src\hotspot\share\classfile\systemDictionary.cpp, line 313]
Event: 26.052 Thread 0x000002c365c06600 Exception <a 'java/lang/NullPointerException'{0x00000000d55f0f10}> (0x00000000d55f0f10) 
thrown [s\src\hotspot\share\interpreter\linkResolver.cpp, line 1372]
Event: 26.052 Thread 0x000002c365c06600 Exception <a 'java/lang/NullPointerException'{0x00000000d55f11f0}> (0x00000000d55f11f0) 
thrown [s\src\hotspot\share\interpreter\linkResolver.cpp, line 1372]

ZGC Phase Switch (0 events):
No events

VM Operations (20 events):
Event: 16.112 Executing non-safepoint VM operation: HandshakeAllThreads (Deoptimize) done
Event: 16.148 Executing non-safepoint VM operation: HandshakeAllThreads (Deoptimize)
Event: 16.148 Executing non-safepoint VM operation: HandshakeAllThreads (Deoptimize) done
Event: 16.163 Executing non-safepoint VM operation: HandshakeAllThreads (Deoptimize)
Event: 16.163 Executing non-safepoint VM operation: HandshakeAllThreads (Deoptimize) done
Event: 16.170 Executing non-safepoint VM operation: HandshakeAllThreads (Deoptimize)
Event: 16.170 Executing non-safepoint VM operation: HandshakeAllThreads (Deoptimize) done
Event: 16.174 Executing safepoint VM operation: ParallelGCFailedAllocation (Allocation Failure)
Event: 16.181 Executing safepoint VM operation: ParallelGCFailedAllocation (Allocation Failure) done
Event: 17.182 Executing safepoint VM operation: Cleanup
Event: 17.182 Executing safepoint VM operation: Cleanup done
Event: 20.193 Executing safepoint VM operation: Cleanup
Event: 20.193 Executing safepoint VM operation: Cleanup done
Event: 24.215 Executing safepoint VM operation: Cleanup
Event: 24.215 Executing safepoint VM operation: Cleanup done
Event: 25.216 Executing safepoint VM operation: Cleanup
Event: 26.018 Executing safepoint VM operation: Cleanup done
Event: 26.023 Executing safepoint VM operation: ParallelGCFailedAllocation (Allocation Failure)
Event: 26.029 Executing safepoint VM operation: ParallelGCFailedAllocation (Allocation Failure) done
Event: 27.030 Executing safepoint VM operation: Cleanup

Memory protections (0 events):
No events

Nmethod flushes (0 events):
No events

Events (20 events):
Event: 15.863 Thread 0x000002c365c04530 Thread added: 0x000002c365c08d60
Event: 15.863 Thread 0x000002c365c058e0 Thread added: 0x000002c365c093f0
Event: 15.863 Thread 0x000002c365c079b0 Thread added: 0x000002c365c09a80
Event: 15.863 Thread 0x000002c365c03ea0 Thread added: 0x000002c365c0a110
Event: 15.863 Thread 0x000002c365c03ea0 Thread added: 0x000002c365c0a7a0
Event: 18.267 Thread 0x000002c36a2b4ec0 Thread exited: 0x000002c36a2b4ec0
Event: 18.267 Thread 0x000002c36a2b6330 Thread exited: 0x000002c36a2b6330
Event: 24.981 Thread 0x000002c365c06600 Thread added: 0x000002c365c0ae30
Event: 26.018 Thread 0x000002c365c079b0 Thread exited: 0x000002c365c079b0
Event: 26.018 Thread 0x000002c365c08040 Thread exited: 0x000002c365c08040
Event: 26.018 Thread 0x000002c365c086d0 Thread exited: 0x000002c365c086d0
Event: 26.018 Thread 0x000002c365c04530 Thread exited: 0x000002c365c04530
Event: 26.018 Thread 0x000002c365c05250 Thread exited: 0x000002c365c05250
Event: 26.018 Thread 0x000002c365c058e0 Thread exited: 0x000002c365c058e0
Event: 26.018 Thread 0x000002c365c0a110 Thread exited: 0x000002c365c0a110
Event: 26.018 Thread 0x000002c365c09a80 Thread exited: 0x000002c365c09a80
Event: 26.018 Thread 0x000002c365c093f0 Thread exited: 0x000002c365c093f0
Event: 26.018 Thread 0x000002c365c08d60 Thread exited: 0x000002c365c08d60
Event: 26.018 Thread 0x000002c365c0a7a0 Thread exited: 0x000002c365c0a7a0
Event: 26.018 Thread 0x000002c365c04bc0 Thread exited: 0x000002c365c04bc0


Dynamic libraries:
0x00007ff7b92e0000 - 0x00007ff7b92ee000 	c:\Users\Admin\.vscode\extensions\redhat.java-1.55.0-win32-x64\jre\21.0.11-win32-x86_64\bin\java.exe
0x00007ffc60440000 - 0x00007ffc606a6000 	C:\WINDOWS\SYSTEM32\ntdll.dll
0x00007ffc600c0000 - 0x00007ffc60189000 	C:\WINDOWS\System32\KERNEL32.DLL
0x00007ffc5d940000 - 0x00007ffc5dd3e000 	C:\WINDOWS\System32\KERNELBASE.dll
0x00007ffc5d7e0000 - 0x00007ffc5d92c000 	C:\WINDOWS\System32\ucrtbase.dll
0x00007ffc40db0000 - 0x00007ffc40dc8000 	c:\Users\Admin\.vscode\extensions\redhat.java-1.55.0-win32-x64\jre\21.0.11-win32-x86_64\bin\jli.dll
0x00007ffc48b90000 - 0x00007ffc48bae000 	c:\Users\Admin\.vscode\extensions\redhat.java-1.55.0-win32-x64\jre\21.0.11-win32-x86_64\bin\VCRUNTIME140.dll
0x00007ffc60190000 - 0x00007ffc60357000 	C:\WINDOWS\System32\USER32.dll
0x00007ffc46c80000 - 0x00007ffc46f12000 	C:\WINDOWS\WinSxS\amd64_microsoft.windows.common-controls_6595b64144ccf1df_6.0.26100.8894_none_3e0f749ee32e02ea\COMCTL32.dll
0x00007ffc5de80000 - 0x00007ffc5dea7000 	C:\WINDOWS\System32\win32u.dll
0x00007ffc5e690000 - 0x00007ffc5e739000 	C:\WINDOWS\System32\msvcrt.dll
0x00007ffc5e2c0000 - 0x00007ffc5e2eb000 	C:\WINDOWS\System32\GDI32.dll
0x00007ffc5dd50000 - 0x00007ffc5de7a000 	C:\WINDOWS\System32\gdi32full.dll
0x00007ffc5e000000 - 0x00007ffc5e0a3000 	C:\WINDOWS\System32\msvcp_win.dll
0x00007ffc5ebd0000 - 0x00007ffc5ec02000 	C:\WINDOWS\System32\IMM32.DLL
0x00007ffc58180000 - 0x00007ffc5818c000 	c:\Users\Admin\.vscode\extensions\redhat.java-1.55.0-win32-x64\jre\21.0.11-win32-x86_64\bin\vcruntime140_1.dll
0x00007ffbf7740000 - 0x00007ffbf77cd000 	c:\Users\Admin\.vscode\extensions\redhat.java-1.55.0-win32-x64\jre\21.0.11-win32-x86_64\bin\msvcp140.dll
0x00007ffbe8ca0000 - 0x00007ffbe9a42000 	c:\Users\Admin\.vscode\extensions\redhat.java-1.55.0-win32-x64\jre\21.0.11-win32-x86_64\bin\server\jvm.dll
0x00007ffc5e3a0000 - 0x00007ffc5e457000 	C:\WINDOWS\System32\ADVAPI32.dll
0x00007ffc5e180000 - 0x00007ffc5e22a000 	C:\WINDOWS\System32\sechost.dll
0x00007ffc5f630000 - 0x00007ffc5f748000 	C:\WINDOWS\System32\RPCRT4.dll
0x00007ffc60360000 - 0x00007ffc603e0000 	C:\WINDOWS\System32\WS2_32.dll
0x00007ffc5d4c0000 - 0x00007ffc5d51e000 	C:\WINDOWS\SYSTEM32\POWRPROF.dll
0x00007ffc52790000 - 0x00007ffc527c6000 	C:\WINDOWS\SYSTEM32\WINMM.dll
0x00007ffc522f0000 - 0x00007ffc522fb000 	C:\WINDOWS\SYSTEM32\VERSION.dll
0x00007ffc5d4a0000 - 0x00007ffc5d4b4000 	C:\WINDOWS\SYSTEM32\UMPDC.dll
0x00007ffc5c340000 - 0x00007ffc5c35b000 	C:\WINDOWS\SYSTEM32\kernel.appcore.dll
0x00007ffc48340000 - 0x00007ffc4834a000 	c:\Users\Admin\.vscode\extensions\redhat.java-1.55.0-win32-x64\jre\21.0.11-win32-x86_64\bin\jimage.dll
0x00007ffc5a3d0000 - 0x00007ffc5a612000 	C:\WINDOWS\SYSTEM32\DBGHELP.DLL
0x00007ffc5eef0000 - 0x00007ffc5f273000 	C:\WINDOWS\System32\combase.dll
0x00007ffc5f530000 - 0x00007ffc5f609000 	C:\WINDOWS\System32\OLEAUT32.dll
0x00007ffc48030000 - 0x00007ffc4806b000 	C:\WINDOWS\SYSTEM32\dbgcore.DLL
0x00007ffc5df40000 - 0x00007ffc5dfec000 	C:\WINDOWS\System32\bcryptPrimitives.dll
0x00007ffc44c30000 - 0x00007ffc44c3f000 	c:\Users\Admin\.vscode\extensions\redhat.java-1.55.0-win32-x64\jre\21.0.11-win32-x86_64\bin\instrument.dll
0x00007ffc366c0000 - 0x00007ffc366e0000 	c:\Users\Admin\.vscode\extensions\redhat.java-1.55.0-win32-x64\jre\21.0.11-win32-x86_64\bin\java.dll
0x00007ffc5f8c0000 - 0x00007ffc60052000 	C:\WINDOWS\System32\SHELL32.dll
0x00007ffc5b0d0000 - 0x00007ffc5b962000 	C:\WINDOWS\SYSTEM32\windows.storage.dll
0x00007ffc5f750000 - 0x00007ffc5f847000 	C:\WINDOWS\System32\SHCORE.dll
0x00007ffc5f850000 - 0x00007ffc5f8b7000 	C:\WINDOWS\System32\shlwapi.dll
0x00007ffc5d580000 - 0x00007ffc5d5a9000 	C:\WINDOWS\SYSTEM32\profapi.dll
0x00007ffc362d0000 - 0x00007ffc362e8000 	c:\Users\Admin\.vscode\extensions\redhat.java-1.55.0-win32-x64\jre\21.0.11-win32-x86_64\bin\zip.dll
0x00007ffc46f20000 - 0x00007ffc46f30000 	C:\Users\Admin\.vscode\extensions\redhat.java-1.55.0-win32-x64\jre\21.0.11-win32-x86_64\bin\net.dll
0x00007ffc574c0000 - 0x00007ffc575e7000 	C:\WINDOWS\SYSTEM32\WINHTTP.dll
0x00007ffc5c8f0000 - 0x00007ffc5c95c000 	C:\WINDOWS\system32\mswsock.dll
0x00007ffc26190000 - 0x00007ffc261a6000 	C:\Users\Admin\.vscode\extensions\redhat.java-1.55.0-win32-x64\jre\21.0.11-win32-x86_64\bin\nio.dll
0x00007ffc42ea0000 - 0x00007ffc42eb0000 	c:\Users\Admin\.vscode\extensions\redhat.java-1.55.0-win32-x64\jre\21.0.11-win32-x86_64\bin\verify.dll
0x00007ffbfd2d0000 - 0x00007ffbfd315000 	C:\Users\Admin\AppData\Roaming\Code\User\globalStorage\redhat.java\1.55.0\config_win\org.eclipse.equinox.launcher\org.eclipse.equinox.launcher.win32.win32.x86_64_1.3.100.v20260613-0559\eclipse_11924.dll
0x00007ffc5e4f0000 - 0x00007ffc5e689000 	C:\WINDOWS\System32\ole32.dll

JVMTI agents:
c:\Users\Admin\.vscode\extensions\redhat.java-1.55.0-win32-x64\lombok\lombok-1.18.39-4050.jar path:c:\Users\Admin\.vscode\extensions\redhat.java-1.55.0-win32-x64\jre\21.0.11-win32-x86_64\bin\instrument.dll, loaded, initialized, instrumentlib options:none

dbghelp: loaded successfully - version: 4.0.5 - missing functions: none
symbol engine: initialized successfully - sym options: 0x614 - pdb path: .;c:\Users\Admin\.vscode\extensions\redhat.java-1.55.0-win32-x64\jre\21.0.11-win32-x86_64\bin;C:\WINDOWS\SYSTEM32;C:\WINDOWS\WinSxS\amd64_microsoft.windows.common-controls_6595b64144ccf1df_6.0.26100.8894_none_3e0f749ee32e02ea;c:\Users\Admin\.vscode\extensions\redhat.java-1.55.0-win32-x64\jre\21.0.11-win32-x86_64\bin\server;C:\Users\Admin\AppData\Roaming\Code\User\globalStorage\redhat.java\1.55.0\config_win\org.eclipse.equinox.launcher\org.eclipse.equinox.launcher.win32.win32.x86_64_1.3.100.v20260613-0559

VM Arguments:
jvm_args: --add-modules=ALL-SYSTEM --add-opens=java.base/java.util=ALL-UNNAMED --add-opens=java.base/java.lang=ALL-UNNAMED --add-opens=java.base/sun.nio.fs=ALL-UNNAMED -Declipse.application=org.eclipse.jdt.ls.core.id1 -Dosgi.bundles.defaultStartLevel=4 -Declipse.product=org.eclipse.jdt.ls.core.product -Djava.import.generatesMetadataFilesAtProjectRoot=false -DDetectVMInstallationsJob.disabled=true -Dfile.encoding=utf8 -XX:+UseParallelGC -XX:GCTimeRatio=4 -XX:AdaptiveSizePolicyWeight=90 -Dsun.zip.disableMemoryMapping=true -Xmx2G -Xms100m -Xlog:disable -javaagent:c:\Users\Admin\.vscode\extensions\redhat.java-1.55.0-win32-x64\lombok\lombok-1.18.39-4050.jar -XX:+HeapDumpOnOutOfMemoryError -XX:HeapDumpPath=c:\Users\Admin\AppData\Roaming\Code\User\workspaceStorage\7f25d92cf42492ba167cfb0a4429a2e3\redhat.java -Daether.dependencyCollector.impl=bf 
java_command: c:\Users\Admin\.vscode\extensions\redhat.java-1.55.0-win32-x64\server\plugins\org.eclipse.equinox.launcher_1.7.200.v20260619-2039.jar -configuration c:\Users\Admin\AppData\Roaming\Code\User\globalStorage\redhat.java\1.55.0\config_win -data c:\Users\Admin\AppData\Roaming\Code\User\workspaceStorage\7f25d92cf42492ba167cfb0a4429a2e3\redhat.java\jdt_ws --pipe=\\.\pipe\lsp-d37e3bbc41ef086aae428996d19fd85d-sock
java_class_path (initial): c:\Users\Admin\.vscode\extensions\redhat.java-1.55.0-win32-x64\server\plugins\org.eclipse.equinox.launcher_1.7.200.v20260619-2039.jar
Launcher Type: SUN_STANDARD

[Global flags]
    uintx AdaptiveSizePolicyWeight                 = 90                                        {product} {command line}
     intx CICompilerCount                          = 4                                         {product} {ergonomic}
    uintx GCTimeRatio                              = 4                                         {product} {command line}
     bool HeapDumpOnOutOfMemoryError               = true                                   {manageable} {command line}
    ccstr HeapDumpPath                             = c:\Users\Admin\AppData\Roaming\Code\User\workspaceStorage\7f25d92cf42492ba167cfb0a4429a2e3\redhat.java         {manageable} {command line}
   size_t InitialHeapSize                          = 104857600                                 {product} {command line}
   size_t MaxHeapSize                              = 2147483648                                {product} {command line}
   size_t MaxNewSize                               = 715653120                                 {product} {ergonomic}
   size_t MinHeapDeltaBytes                        = 524288                                    {product} {ergonomic}
   size_t MinHeapSize                              = 104857600                                 {product} {command line}
   size_t NewSize                                  = 34603008                                  {product} {ergonomic}
    uintx NonNMethodCodeHeapSize                   = 5839372                                {pd product} {ergonomic}
    uintx NonProfiledCodeHeapSize                  = 122909434                              {pd product} {ergonomic}
   size_t OldSize                                  = 70254592                                  {product} {ergonomic}
    uintx ProfiledCodeHeapSize                     = 122909434                              {pd product} {ergonomic}
    uintx ReservedCodeCacheSize                    = 251658240                              {pd product} {ergonomic}
     bool SegmentedCodeCache                       = true                                      {product} {ergonomic}
   size_t SoftMaxHeapSize                          = 2147483648                             {manageable} {ergonomic}
     bool UseCompressedOops                        = true                           {product lp64_product} {ergonomic}
     bool UseLargePagesIndividualAllocation        = false                                  {pd product} {ergonomic}
     bool UseParallelGC                            = true                                      {product} {command line}

Logging:
Log output configuration:
 #0: stdout all=off uptime,level,tags foldmultilines=false
 #1: stderr all=off uptime,level,tags foldmultilines=false

Release file:
JAVA_VERSION="21.0.11" 
MODULES="java.base java.compiler java.datatransfer java.xml java.prefs java.desktop java.instrument java.logging java.management java.security.sasl java.naming java.rmi java.management.rmi java.net.http java.scripting java.security.jgss java.transaction.xa java.sql java.sql.rowset java.xml.crypto java.se java.smartcardio jdk.accessibility jdk.internal.jvmstat jdk.attach jdk.charsets jdk.internal.opt jdk.zipfs jdk.compiler jdk.crypto.ec jdk.crypto.cryptoki jdk.crypto.mscapi jdk.dynalink jdk.internal.ed jdk.editpad jdk.hotspot.agent jdk.httpserver jdk.internal.le jdk.internal.vm.ci jdk.internal.vm.compiler jdk.internal.vm.compiler.management jdk.jartool jdk.javadoc jdk.jcmd jdk.management jdk.management.agent jdk.jconsole jdk.jdeps jdk.jdwp.agent jdk.jdi jdk.jfr jdk.jshell jdk.jsobject jdk.jstatd jdk.localedata jdk.management.jfr jdk.naming.dns jdk.naming.rmi jdk.net jdk.nio.mapmode jdk.random jdk.sctp jdk.security.auth jdk.security.jgss jdk.unsupported jdk.unsupported.desktop jdk.xml.dom" 

Environment Variables:
PATH=C:\Program Files (x86)\VMware\VMware Workstation\bin\;C:\Program Files\Common Files\Oracle\Java\javapath;C:\Program Files (x86)\Common Files\Oracle\Java\java8path;C:\Program Files (x86)\Common Files\Oracle\Java\javapath;C:\Program Files\Python313\Scripts\;C:\Program Files\Python313\;C:\WINDOWS\system32;C:\WINDOWS;C:\WINDOWS\System32\Wbem;C:\WINDOWS\System32\WindowsPowerShell\v1.0\;C:\WINDOWS\System32\OpenSSH\;C:\Program Files\Microsoft SQL Server\150\Tools\Binn\;C:\Program Files\Microsoft SQL Server\Client SDK\ODBC\170\Tools\Binn\;C:\xampp\php;C:\ProgramData\ComposerSetup\bin;C:\xampp\mysql\bin;C:\Program Files\nodejs\;C:\Program Files (x86)\Microsoft SQL Server\160\Tools\Binn\;C:\Program Files\Microsoft SQL Server\160\Tools\Binn\;C:\Program Files\Microsoft SQL Server\160\DTS\Binn\;C:\Program Files\dotnet\;C:\Program Files\Git\cmd;C:\Program Files\TortoiseGit\bin;C:\Program Files (x86)\Microsoft SQL Server\160\DTS\Binn\;C:\src\flutter\bin;C:\Program Files (x86)\Incredibuild;C:\Program Files (x86)\Windows Kits\10\Windows Performance Toolkit\;C:\Program Files\starship\bin\;C:\Users\Admin\AppData\Local\Microsoft\WindowsApps;C:\Users\Admin\AppData\Roaming\Composer\vendor\bin;C:\Users\Admin\AppData\Roaming\npm;C:\Users\Admin\.dotnet\tools;C:\Users\Admin\AppData\Local\Programs\IntelliJ IDEA 2025.2.4\bin;C:\Users\Admin\AppData\Local\Programs\Microsoft VS Code\bin;C:\Users\Admin\AppData\Local\Programs\Antigravity IDE\bin
USERNAME=Admin
OS=Windows_NT
PROCESSOR_IDENTIFIER=AMD64 Family 25 Model 68 Stepping 1, AuthenticAMD
TMP=C:\Users\Admin\AppData\Local\Temp
TEMP=C:\Users\Admin\AppData\Local\Temp




Periodic native trim disabled

---------------  S Y S T E M  ---------------

OS:
 Windows 11 , 64 bit Build 26100 (10.0.26100.8875)
OS uptime: 0 days 3:04 hours
Hyper-V role detected

CPU: total 12 (initial active 12) (12 cores per cpu, 2 threads per core) family 25 model 68 stepping 1 microcode 0xa404107, cx8, cmov, fxsr, ht, mmx, 3dnowpref, sse, sse2, sse3, ssse3, sse4a, sse4.1, sse4.2, popcnt, lzcnt, tsc, tscinvbit, avx, avx2, aes, erms, clmul, bmi1, bmi2, adx, sha, fma, vzeroupper, clflush, clflushopt, hv, rdtscp, rdpid, fsrm, f16c, cet_ss
Processor Information for processor 0
  Max Mhz: 3301, Current Mhz: 3301, Mhz Limit: 3301
Processor Information for processor 1
  Max Mhz: 3301, Current Mhz: 2635, Mhz Limit: 3301
Processor Information for processor 2
  Max Mhz: 3301, Current Mhz: 2635, Mhz Limit: 3301
Processor Information for processor 3
  Max Mhz: 3301, Current Mhz: 3301, Mhz Limit: 3301
Processor Information for processor 4
  Max Mhz: 3301, Current Mhz: 2635, Mhz Limit: 3301
Processor Information for processor 5
  Max Mhz: 3301, Current Mhz: 2635, Mhz Limit: 3301
Processor Information for processor 6
  Max Mhz: 3301, Current Mhz: 2635, Mhz Limit: 3301
Processor Information for processor 7
  Max Mhz: 3301, Current Mhz: 2635, Mhz Limit: 3301
Processor Information for processor 8
  Max Mhz: 3301, Current Mhz: 2635, Mhz Limit: 3301
Processor Information for processor 9
  Max Mhz: 3301, Current Mhz: 2635, Mhz Limit: 3301
Processor Information for processor 10
  Max Mhz: 3301, Current Mhz: 2635, Mhz Limit: 3301
Processor Information for processor 11
  Max Mhz: 3301, Current Mhz: 2635, Mhz Limit: 3301

Memory: 4k page, system-wide physical 7498M (378M free)
TotalPageFile size 30026M (AvailPageFile size 5M)
current process WorkingSet (physical memory assigned to process): 94M, peak: 144M
current process commit charge ("private bytes"): 269M, peak: 290M

vm_info: OpenJDK 64-Bit Server VM (21.0.11+10-LTS) for windows-amd64 JRE (21.0.11+10-LTS), built on 2026-04-21T00:00:00Z by "admin" with MS VC++ 17.12 (VS2022)

END.
